[Tue Sep 09 10:30:08.073351 2014] [:error] [pid 1184] [client 127.0.0.1:40426] PHP Notice:  Undefined variable: _SESSION in /home/sergio/projects/test/index.php on line 143, referer: http://test.loc/index.php
[Tue Sep 09 10:30:48.485924 2014] [:error] [pid 2665] [client 127.0.0.1:40427] PHP Notice:  Undefined variable: _SESSION in /home/sergio/projects/test/index.php on line 143, referer: http://test.loc/index.php
[Tue Sep 09 10:45:05.848442 2014] [:error] [pid 1186] [client 127.0.0.1:40532] PHP Notice:  Undefined index: code in /home/sergio/projects/test/index.php on line 144, referer: http://test.loc/index.php
[Tue Sep 09 10:45:26.664312 2014] [:error] [pid 1187] [client 127.0.0.1:40533] PHP Notice:  Undefined index: code in /home/sergio/projects/test/index.php on line 144, referer: http://test.loc/index.php
[Tue Sep 09 10:46:21.955195 2014] [:error] [pid 1185] [client 127.0.0.1:40534] PHP Notice:  Undefined index: code in /home/sergio/projects/test/index.php on line 144, referer: http://test.loc/index.php
[Tue Sep 09 10:46:21.955221 2014] [:error] [pid 1185] [client 127.0.0.1:40534] PHP Notice:  Undefined index: code in /home/sergio/projects/test/index.php on line 148, referer: http://test.loc/index.php
[Tue Sep 09 10:46:52.303403 2014] [:error] [pid 2530] [client 127.0.0.1:40535] PHP Notice:  Undefined index: code in /home/sergio/projects/test/index.php on line 144, referer: http://test.loc/index.php
[Tue Sep 09 10:46:52.303430 2014] [:error] [pid 2530] [client 127.0.0.1:40535] PHP Notice:  Undefined index: code in /home/sergio/projects/test/index.php on line 148, referer: http://test.loc/index.php
[Tue Sep 09 10:56:27.618549 2014] [:error] [pid 1184] [client 127.0.0.1:40698] PHP Notice:  Undefined index: code in /home/sergio/projects/test/index.php on line 144, referer: http://test.loc/index.php
[Tue Sep 09 10:56:27.618590 2014] [:error] [pid 1184] [client 127.0.0.1:40698] PHP Notice:  Undefined index: code in /home/sergio/projects/test/index.php on line 148, referer: http://test.loc/index.php
[Tue Sep 09 11:01:42.242393 2014] [:error] [pid 1184] [client 127.0.0.1:40709] PHP Notice:  Undefined index: code in /home/sergio/projects/test/index.php on line 144, referer: http://test.loc/index.php
[Tue Sep 09 11:12:01.213791 2014] [:error] [pid 1185] [client 127.0.0.1:40735] PHP Notice:  Undefined index: code in /home/sergio/projects/test/index.php on line 148, referer: http://test.loc/index.php
[Tue Sep 09 11:13:28.902180 2014] [:error] [pid 1186] [client 127.0.0.1:40740] PHP Notice:  Undefined index: code in /home/sergio/projects/test/index.php on line 148, referer: http://test.loc/index.php
[Tue Sep 09 11:25:43.968295 2014] [:error] [pid 1187] [client 127.0.0.1:40751] PHP Notice:  Undefined variable: xc in /home/sergio/projects/test/index.php on line 159, referer: http://test.loc/index.php
[Tue Sep 09 11:25:59.255322 2014] [:error] [pid 2665] [client 127.0.0.1:40758] PHP Notice:  Undefined index: code in /home/sergio/projects/test/index.php on line 117, referer: http://test.loc/index.php
[Tue Sep 09 11:26:05.885708 2014] [:error] [pid 1184] [client 127.0.0.1:40760] PHP Notice:  Undefined variable: xc in /home/sergio/projects/test/index.php on line 159, referer: http://test.loc/index.php
[Tue Sep 09 11:32:28.913709 2014] [:error] [pid 1185] [client 127.0.0.1:40763] PHP Notice:  Undefined index: code in /home/sergio/projects/test/index.php on line 117, referer: http://test.loc/index.php
[Tue Sep 09 14:00:12.873396 2014] [:error] [pid 1185] [client 127.0.0.1:41197] script '/var/www/test/phpinfo.php' not found or unable to stat, referer: http://test.loc/index.php
[Tue Sep 09 14:05:28.305151 2014] [:error] [pid 2530] [client 127.0.0.1:41211] PHP Warning:  Cannot modify header information - headers already sent by (output started at /home/sergio/projects/test/functions.php:79) in /home/sergio/projects/test/index.php on line 46, referer: http://test.loc/index.php
[Tue Sep 09 14:05:31.711210 2014] [:error] [pid 2530] [client 127.0.0.1:41211] PHP Warning:  Cannot modify header information - headers already sent by (output started at /home/sergio/projects/test/functions.php:79) in /home/sergio/projects/test/index.php on line 46, referer: http://test.loc/index.php
[Tue Sep 09 14:06:56.222957 2014] [:error] [pid 1186] [client 127.0.0.1:41216] PHP Warning:  Cannot modify header information - headers already sent by (output started at /home/sergio/projects/test/functions.php:79) in /home/sergio/projects/test/index.php on line 46, referer: http://test.loc/index.php
[Tue Sep 09 14:16:20.288636 2014] [:error] [pid 1187] [client 127.0.0.1:41260] PHP Notice:  Undefined index: username in /home/sergio/projects/test/index.php on line 37
[Tue Sep 09 14:16:28.139180 2014] [:error] [pid 2665] [client 127.0.0.1:41261] PHP Notice:  Undefined index: username in /home/sergio/projects/test/index.php on line 37, referer: http://test.loc/index.php
[Tue Sep 09 14:17:36.560317 2014] [:error] [pid 1188] [client 127.0.0.1:41265] PHP Notice:  Undefined index: username in /home/sergio/projects/test/index.php on line 37, referer: http://test.loc/index.php
[Tue Sep 09 14:18:42.302426 2014] [:error] [pid 1184] [client 127.0.0.1:41267] PHP Notice:  Undefined index: username in /home/sergio/projects/test/index.php on line 37
[Tue Sep 09 14:18:48.978563 2014] [:error] [pid 1186] [client 127.0.0.1:41268] PHP Notice:  Undefined index: username in /home/sergio/projects/test/index.php on line 37, referer: http://test.loc/index.php
[Tue Sep 09 14:18:56.129991 2014] [:error] [pid 1185] [client 127.0.0.1:41269] PHP Notice:  Undefined index: username in /home/sergio/projects/test/index.php on line 37
[Tue Sep 09 14:19:31.204435 2014] [:error] [pid 1187] [client 127.0.0.1:41270] PHP Notice:  Undefined index: username in /home/sergio/projects/test/index.php on line 37
[Tue Sep 09 14:29:21.171830 2014] [:error] [pid 2665] [client 127.0.0.1:41287] PHP Warning:  Cannot modify header information - headers already sent by (output started at /home/sergio/projects/test/functions.php:79) in /home/sergio/projects/test/index.php on line 88, referer: http://test.loc/index.php
[Tue Sep 09 14:30:48.942694 2014] [:error] [pid 1184] [client 127.0.0.1:41292] PHP Warning:  Cannot modify header information - headers already sent by (output started at /home/sergio/projects/test/functions.php:79) in /home/sergio/projects/test/index.php on line 88, referer: http://test.loc/index.php
[Tue Sep 09 14:31:25.812183 2014] [:error] [pid 1186] [client 127.0.0.1:41293] PHP Warning:  Cannot modify header information - headers already sent by (output started at /home/sergio/projects/test/functions.php:79) in /home/sergio/projects/test/index.php on line 88, referer: http://test.loc/index.php
[Tue Sep 09 14:31:36.274690 2014] [:error] [pid 1187] [client 127.0.0.1:41296] PHP Warning:  Cannot modify header information - headers already sent by (output started at /home/sergio/projects/test/functions.php:79) in /home/sergio/projects/test/index.php on line 88, referer: http://test.loc/index.php
[Tue Sep 09 14:33:09.248614 2014] [:error] [pid 1188] [client 127.0.0.1:41300] PHP Warning:  Cannot modify header information - headers already sent by (output started at /home/sergio/projects/test/functions.php:79) in /home/sergio/projects/test/index.php on line 50, referer: http://test.loc/index.php
[Tue Sep 09 14:33:09.248648 2014] [:error] [pid 1188] [client 127.0.0.1:41300] PHP Warning:  Cannot modify header information - headers already sent by (output started at /home/sergio/projects/test/functions.php:79) in /home/sergio/projects/test/index.php on line 89, referer: http://test.loc/index.php
[Tue Sep 09 14:33:41.802792 2014] [:error] [pid 2530] [client 127.0.0.1:41301] PHP Warning:  Cannot modify header information - headers already sent by (output started at /home/sergio/projects/test/functions.php:79) in /home/sergio/projects/test/index.php on line 50, referer: http://test.loc/index.php
[Tue Sep 09 14:33:41.802818 2014] [:error] [pid 2530] [client 127.0.0.1:41301] PHP Warning:  Cannot modify header information - headers already sent by (output started at /home/sergio/projects/test/functions.php:79) in /home/sergio/projects/test/index.php on line 89, referer: http://test.loc/index.php
[Tue Sep 09 14:34:06.164574 2014] [:error] [pid 1184] [client 127.0.0.1:41304] PHP Warning:  Cannot modify header information - headers already sent by (output started at /home/sergio/projects/test/functions.php:79) in /home/sergio/projects/test/index.php on line 50, referer: http://test.loc/index.php
[Tue Sep 09 14:34:06.164608 2014] [:error] [pid 1184] [client 127.0.0.1:41304] PHP Warning:  Cannot modify header information - headers already sent by (output started at /home/sergio/projects/test/functions.php:79) in /home/sergio/projects/test/index.php on line 89, referer: http://test.loc/index.php
[Tue Sep 09 14:34:10.408411 2014] [:error] [pid 1184] [client 127.0.0.1:41304] PHP Warning:  Cannot modify header information - headers already sent by (output started at /home/sergio/projects/test/functions.php:79) in /home/sergio/projects/test/index.php on line 50, referer: http://test.loc/index.php
[Tue Sep 09 14:34:10.408440 2014] [:error] [pid 1184] [client 127.0.0.1:41304] PHP Warning:  Cannot modify header information - headers already sent by (output started at /home/sergio/projects/test/functions.php:79) in /home/sergio/projects/test/index.php on line 89, referer: http://test.loc/index.php
[Tue Sep 09 14:34:12.452151 2014] [:error] [pid 1184] [client 127.0.0.1:41304] PHP Warning:  Cannot modify header information - headers already sent by (output started at /home/sergio/projects/test/functions.php:79) in /home/sergio/projects/test/index.php on line 50, referer: http://test.loc/index.php
[Tue Sep 09 14:34:12.452185 2014] [:error] [pid 1184] [client 127.0.0.1:41304] PHP Warning:  Cannot modify header information - headers already sent by (output started at /home/sergio/projects/test/functions.php:79) in /home/sergio/projects/test/index.php on line 89, referer: http://test.loc/index.php
[Tue Sep 09 14:34:26.899395 2014] [:error] [pid 1185] [client 127.0.0.1:41305] PHP Warning:  Cannot modify header information - headers already sent by (output started at /home/sergio/projects/test/functions.php:79) in /home/sergio/projects/test/index.php on line 50, referer: http://test.loc/index.php
[Tue Sep 09 14:34:26.899436 2014] [:error] [pid 1185] [client 127.0.0.1:41305] PHP Warning:  Cannot modify header information - headers already sent by (output started at /home/sergio/projects/test/functions.php:79) in /home/sergio/projects/test/index.php on line 89, referer: http://test.loc/index.php
[Tue Sep 09 14:34:41.950418 2014] [:error] [pid 1186] [client 127.0.0.1:41306] PHP Warning:  Cannot modify header information - headers already sent by (output started at /home/sergio/projects/test/functions.php:79) in /home/sergio/projects/test/index.php on line 50, referer: http://test.loc/index.php
[Tue Sep 09 14:34:41.950477 2014] [:error] [pid 1186] [client 127.0.0.1:41306] PHP Warning:  Cannot modify header information - headers already sent by (output started at /home/sergio/projects/test/functions.php:79) in /home/sergio/projects/test/index.php on line 89, referer: http://test.loc/index.php
[Tue Sep 09 14:36:37.070844 2014] [:error] [pid 1187] [client 127.0.0.1:41312] PHP Notice:  Undefined index: username in /home/sergio/projects/test/index.php on line 36
[Tue Sep 09 14:37:13.872066 2014] [:error] [pid 1188] [client 127.0.0.1:41313] PHP Warning:  Cannot modify header information - headers already sent by (output started at /home/sergio/projects/test/functions.php:79) in /home/sergio/projects/test/index.php on line 49, referer: http://test.loc/index.php
[Tue Sep 09 14:37:13.872153 2014] [:error] [pid 1188] [client 127.0.0.1:41313] PHP Warning:  Cannot modify header information - headers already sent by (output started at /home/sergio/projects/test/functions.php:79) in /home/sergio/projects/test/index.php on line 88, referer: http://test.loc/index.php
[Tue Sep 09 14:37:19.575969 2014] [:error] [pid 2530] [client 127.0.0.1:41314] PHP Notice:  Undefined index: username in /home/sergio/projects/test/index.php on line 36
[Tue Sep 09 14:38:19.358792 2014] [:error] [pid 1184] [client 127.0.0.1:41315] PHP Notice:  Undefined index: username in /home/sergio/projects/test/index.php on line 36
[Tue Sep 09 14:44:30.756589 2014] [:error] [pid 1185] [client 127.0.0.1:41319] PHP Notice:  Undefined index: username in /home/sergio/projects/test/index.php on line 36
[Tue Sep 09 15:16:59.822682 2014] [:error] [pid 9309] [client 127.0.0.1:41416] PHP Parse error:  syntax error, unexpected ',' in /home/sergio/projects/test/index.php on line 38
[Tue Sep 09 15:17:03.669551 2014] [:error] [pid 2530] [client 127.0.0.1:41417] PHP Parse error:  syntax error, unexpected ',' in /home/sergio/projects/test/index.php on line 38
[Tue Sep 09 15:37:19.228897 2014] [:error] [pid 1186] [client 127.0.0.1:41456] PHP Parse error:  syntax error, unexpected '}' in /home/sergio/projects/test/index.php on line 98, referer: http://test.loc/index.php
[Tue Sep 09 15:37:34.133465 2014] [:error] [pid 2665] [client 127.0.0.1:41458] PHP Parse error:  syntax error, unexpected '}' in /home/sergio/projects/test/index.php on line 98
[Tue Sep 09 15:37:36.909744 2014] [:error] [pid 1187] [client 127.0.0.1:41461] PHP Parse error:  syntax error, unexpected '}' in /home/sergio/projects/test/index.php on line 98
[Wed Sep 10 08:43:38.661353 2014] [:error] [pid 2517] [client 127.0.0.1:35381] PHP Warning:  Cannot modify header information - headers already sent by (output started at /home/sergio/projects/test/functions.php:79) in /home/sergio/projects/test/index.php on line 99, referer: http://test.loc/index.php
[Wed Sep 10 08:47:10.611325 2014] [:error] [pid 1168] [client 127.0.0.1:35394] PHP Warning:  Cannot modify header information - headers already sent by (output started at /home/sergio/projects/test/functions.php:79) in /home/sergio/projects/test/index.php on line 99, referer: http://test.loc/index.php
[Wed Sep 10 08:47:31.709630 2014] [:error] [pid 1170] [client 127.0.0.1:35401] PHP Warning:  Cannot modify header information - headers already sent by (output started at /home/sergio/projects/test/functions.php:79) in /home/sergio/projects/test/index.php on line 99, referer: http://test.loc/index.php
[Wed Sep 10 08:53:03.118477 2014] [:error] [pid 1171] [client 127.0.0.1:35417] PHP Warning:  Cannot modify header information - headers already sent by (output started at /home/sergio/projects/test/functions.php:79) in /home/sergio/projects/test/index.php on line 99, referer: http://test.loc/index.php
[Wed Sep 10 09:01:16.050610 2014] [:error] [pid 2517] [client 127.0.0.1:35461] PHP Warning:  Cannot modify header information - headers already sent by (output started at /home/sergio/projects/test/functions.php:79) in /home/sergio/projects/test/index.php on line 99, referer: http://test.loc/index.php
[Wed Sep 10 09:01:23.221168 2014] [:error] [pid 1169] [client 127.0.0.1:35462] PHP Warning:  Cannot modify header information - headers already sent by (output started at /home/sergio/projects/test/functions.php:79) in /home/sergio/projects/test/index.php on line 99, referer: http://test.loc/index.php
[Wed Sep 10 14:57:19.870619 2014] [:error] [pid 1179] [client 127.0.0.1:52975] PHP Warning:  Cannot modify header information - headers already sent by (output started at /home/sergio/projects/test/functions.php:79) in /home/sergio/projects/test/index.php on line 104, referer: http://test.loc/index.php
[Wed Sep 10 15:08:10.883257 2014] [:error] [pid 1180] [client 127.0.0.1:53106] PHP Warning:  Cannot modify header information - headers already sent by (output started at /home/sergio/projects/test/functions.php:79) in /home/sergio/projects/test/index.php on line 104, referer: http://test.loc/index.php
[Thu Sep 11 07:36:04.531240 2014] [:error] [pid 3586] [client 127.0.0.1:54431] PHP Warning:  Cannot modify header information - headers already sent by (output started at /home/sergio/projects/test/functions.php:79) in /home/sergio/projects/test/index.php on line 115, referer: http://test.loc/
[Thu Sep 11 07:46:07.874403 2014] [:error] [pid 1154] [client 127.0.0.1:54541] PHP Warning:  Cannot modify header information - headers already sent by (output started at /home/sergio/projects/test/functions.php:79) in /home/sergio/projects/test/index.php on line 119, referer: http://test.loc/
[Thu Sep 11 07:53:30.797290 2014] [:error] [pid 1155] [client 127.0.0.1:54621] PHP Warning:  get_browser(): browscap ini directive not set in /home/sergio/projects/test/index.php on line 104, referer: http://test.loc/
[Thu Sep 11 07:53:30.797317 2014] [:error] [pid 1155] [client 127.0.0.1:54621] PHP Warning:  Cannot modify header information - headers already sent by (output started at /home/sergio/projects/test/functions.php:79) in /home/sergio/projects/test/index.php on line 125, referer: http://test.loc/
[Thu Sep 11 07:54:42.475605 2014] [:error] [pid 3585] [client 127.0.0.1:54622] PHP Warning:  get_browser(): browscap ini directive not set in /home/sergio/projects/test/index.php on line 104, referer: http://test.loc/
[Thu Sep 11 07:54:42.475671 2014] [:error] [pid 3585] [client 127.0.0.1:54622] PHP Warning:  Cannot modify header information - headers already sent by (output started at /home/sergio/projects/test/functions.php:79) in /home/sergio/projects/test/index.php on line 125, referer: http://test.loc/
[Thu Sep 11 07:59:54.650451 2014] [:error] [pid 3584] [client 127.0.0.1:54627] PHP Warning:  Cannot modify header information - headers already sent by (output started at /home/sergio/projects/test/functions.php:79) in /home/sergio/projects/test/index.php on line 124, referer: http://test.loc/
[Thu Sep 11 08:20:30.955903 2014] [:error] [pid 3588] [client 127.0.0.1:55077] PHP Warning:  Cannot modify header information - headers already sent by (output started at /home/sergio/projects/test/functions.php:79) in /home/sergio/projects/test/index.php on line 124, referer: http://test.loc/
[Thu Sep 11 08:23:52.645028 2014] [:error] [pid 3589] [client 127.0.0.1:55078] PHP Warning:  Cannot modify header information - headers already sent by (output started at /home/sergio/projects/test/functions.php:79) in /home/sergio/projects/test/index.php on line 141, referer: http://test.loc/
[Thu Sep 11 08:36:01.813430 2014] [:error] [pid 1156] [client 127.0.0.1:55081] PHP Notice:  Undefined variable: browser in /home/sergio/projects/test/index.php on line 109, referer: http://test.loc/
[Thu Sep 11 08:36:01.813455 2014] [:error] [pid 1156] [client 127.0.0.1:55081] PHP Warning:  Cannot modify header information - headers already sent by (output started at /home/sergio/projects/test/functions.php:79) in /home/sergio/projects/test/index.php on line 127, referer: http://test.loc/
[Thu Sep 11 08:37:13.729659 2014] [:error] [pid 1154] [client 127.0.0.1:55086] PHP Notice:  Undefined variable: browser in /home/sergio/projects/test/index.php on line 109, referer: http://test.loc/
[Thu Sep 11 08:37:13.729682 2014] [:error] [pid 1154] [client 127.0.0.1:55086] PHP Warning:  Cannot modify header information - headers already sent by (output started at /home/sergio/projects/test/functions.php:79) in /home/sergio/projects/test/index.php on line 127, referer: http://test.loc/
[Thu Sep 11 08:37:36.845758 2014] [:error] [pid 1155] [client 127.0.0.1:55087] PHP Notice:  Undefined variable: browser in /home/sergio/projects/test/index.php on line 109, referer: http://test.loc/
[Thu Sep 11 08:37:36.845784 2014] [:error] [pid 1155] [client 127.0.0.1:55087] PHP Warning:  Cannot modify header information - headers already sent by (output started at /home/sergio/projects/test/functions.php:79) in /home/sergio/projects/test/index.php on line 127, referer: http://test.loc/
[Thu Sep 11 08:45:18.189175 2014] [:error] [pid 3585] [client 127.0.0.1:55092] PHP Warning:  Missing argument 1 for filterBrowser(), called in /home/sergio/projects/test/index.php on line 108 and defined in /home/sergio/projects/test/functions.php on line 81, referer: http://test.loc/
[Thu Sep 11 08:45:18.189204 2014] [:error] [pid 3585] [client 127.0.0.1:55092] PHP Notice:  Undefined variable: browser in /home/sergio/projects/test/functions.php on line 83, referer: http://test.loc/
[Thu Sep 11 08:45:18.189228 2014] [:error] [pid 3585] [client 127.0.0.1:55092] PHP Warning:  Cannot modify header information - headers already sent by (output started at /home/sergio/projects/test/functions.php:79) in /home/sergio/projects/test/index.php on line 127, referer: http://test.loc/
[Thu Sep 11 08:53:43.670174 2014] [:error] [pid 3584] [client 127.0.0.1:55095] PHP Warning:  Cannot modify header information - headers already sent by (output started at /home/sergio/projects/test/functions.php:79) in /home/sergio/projects/test/index.php on line 142, referer: http://test.loc/
[Thu Sep 11 09:22:49.908006 2014] [:error] [pid 3585] [client 127.0.0.1:55108] PHP Parse error:  syntax error, unexpected end of file in /home/sergio/projects/test/functions.php on line 102, referer: http://test.loc/
[Thu Sep 11 09:23:33.154014 2014] [:error] [pid 3584] [client 127.0.0.1:55111] PHP Warning:  Cannot modify header information - headers already sent by (output started at /home/sergio/projects/test/functions.php:79) in /home/sergio/projects/test/index.php on line 142, referer: http://test.loc/
[Thu Sep 11 09:28:35.913996 2014] [:error] [pid 3586] [client 127.0.0.1:55141] PHP Warning:  Cannot modify header information - headers already sent by (output started at /home/sergio/projects/test/functions.php:79) in /home/sergio/projects/test/index.php on line 153, referer: http://test.loc/
[Thu Sep 11 09:31:54.862671 2014] [:error] [pid 3588] [client 127.0.0.1:55142] PHP Warning:  Cannot modify header information - headers already sent by (output started at /home/sergio/projects/test/functions.php:79) in /home/sergio/projects/test/index.php on line 154, referer: http://test.loc/
[Thu Sep 11 09:33:19.950131 2014] [:error] [pid 3589] [client 127.0.0.1:55143] PHP Warning:  strstr() expects at least 2 parameters, 1 given in /home/sergio/projects/test/index.php on line 123, referer: http://test.loc/
[Thu Sep 11 09:33:19.950157 2014] [:error] [pid 3589] [client 127.0.0.1:55143] PHP Warning:  Cannot modify header information - headers already sent by (output started at /home/sergio/projects/test/functions.php:79) in /home/sergio/projects/test/index.php on line 154, referer: http://test.loc/
[Thu Sep 11 09:35:16.563323 2014] [:error] [pid 1156] [client 127.0.0.1:55144] PHP Warning:  Cannot modify header information - headers already sent by (output started at /home/sergio/projects/test/functions.php:79) in /home/sergio/projects/test/index.php on line 145, referer: http://test.loc/
[Thu Sep 11 09:35:29.286254 2014] [:error] [pid 1154] [client 127.0.0.1:55145] PHP Warning:  Cannot modify header information - headers already sent by (output started at /home/sergio/projects/test/functions.php:79) in /home/sergio/projects/test/index.php on line 145, referer: http://test.loc/
[Thu Sep 11 09:39:29.205080 2014] [:error] [pid 3586] [client 127.0.0.1:55150] PHP Warning:  Cannot modify header information - headers already sent by (output started at /home/sergio/projects/test/functions.php:79) in /home/sergio/projects/test/index.php on line 133, referer: http://test.loc/
[Thu Sep 11 09:41:26.784837 2014] [:error] [pid 3588] [client 127.0.0.1:55151] PHP Warning:  Cannot modify header information - headers already sent by (output started at /home/sergio/projects/test/functions.php:79) in /home/sergio/projects/test/index.php on line 134, referer: http://test.loc/
[Thu Sep 11 09:45:03.172344 2014] [:error] [pid 3589] [client 127.0.0.1:55154] PHP Warning:  Cannot modify header information - headers already sent by (output started at /home/sergio/projects/test/functions.php:79) in /home/sergio/projects/test/index.php on line 134, referer: http://test.loc/
[Thu Sep 11 09:46:27.556749 2014] [:error] [pid 1156] [client 127.0.0.1:55155] PHP Warning:  Cannot modify header information - headers already sent by (output started at /home/sergio/projects/test/functions.php:79) in /home/sergio/projects/test/index.php on line 115, referer: http://test.loc/
[Thu Sep 11 09:47:51.606380 2014] [:error] [pid 1154] [client 127.0.0.1:55156] PHP Notice:  Undefined variable: browser in /home/sergio/projects/test/index.php on line 106, referer: http://test.loc/
[Thu Sep 11 09:47:51.606411 2014] [:error] [pid 1154] [client 127.0.0.1:55156] PHP Warning:  Cannot modify header information - headers already sent by (output started at /home/sergio/projects/test/functions.php:79) in /home/sergio/projects/test/index.php on line 116, referer: http://test.loc/
[Thu Sep 11 09:50:06.990292 2014] [:error] [pid 1155] [client 127.0.0.1:55157] PHP Notice:  Undefined variable: browser in /home/sergio/projects/test/index.php on line 106, referer: http://test.loc/
[Thu Sep 11 09:50:06.990326 2014] [:error] [pid 1155] [client 127.0.0.1:55157] PHP Warning:  Cannot modify header information - headers already sent by (output started at /home/sergio/projects/test/functions.php:79) in /home/sergio/projects/test/index.php on line 116, referer: http://test.loc/
[Thu Sep 11 09:51:16.173367 2014] [:error] [pid 3585] [client 127.0.0.1:55158] PHP Notice:  Undefined variable: browser in /home/sergio/projects/test/index.php on line 107, referer: http://test.loc/
[Thu Sep 11 09:51:16.173400 2014] [:error] [pid 3585] [client 127.0.0.1:55158] PHP Warning:  Cannot modify header information - headers already sent by (output started at /home/sergio/projects/test/functions.php:79) in /home/sergio/projects/test/index.php on line 133, referer: http://test.loc/
[Thu Sep 11 09:52:16.659303 2014] [:error] [pid 3584] [client 127.0.0.1:55159] PHP Notice:  Undefined variable: browser in /home/sergio/projects/test/index.php on line 107, referer: http://test.loc/
[Thu Sep 11 09:52:16.659343 2014] [:error] [pid 3584] [client 127.0.0.1:55159] PHP Warning:  Cannot modify header information - headers already sent by (output started at /home/sergio/projects/test/functions.php:79) in /home/sergio/projects/test/index.php on line 133, referer: http://test.loc/
[Thu Sep 11 09:54:55.517749 2014] [:error] [pid 1153] [client 127.0.0.1:55160] PHP Notice:  Undefined variable: browser in /home/sergio/projects/test/index.php on line 125, referer: http://test.loc/
[Thu Sep 11 09:54:55.517778 2014] [:error] [pid 1153] [client 127.0.0.1:55160] PHP Warning:  Cannot modify header information - headers already sent by (output started at /home/sergio/projects/test/functions.php:79) in /home/sergio/projects/test/index.php on line 135, referer: http://test.loc/
[Thu Sep 11 09:55:39.641962 2014] [:error] [pid 3587] [client 127.0.0.1:55161] PHP Notice:  Undefined variable: browser in /home/sergio/projects/test/index.php on line 125, referer: http://test.loc/
[Thu Sep 11 09:55:39.641992 2014] [:error] [pid 3587] [client 127.0.0.1:55161] PHP Warning:  Cannot modify header information - headers already sent by (output started at /home/sergio/projects/test/functions.php:79) in /home/sergio/projects/test/index.php on line 135, referer: http://test.loc/
[Thu Sep 11 09:56:43.094177 2014] [:error] [pid 3586] [client 127.0.0.1:55162] PHP Warning:  Cannot modify header information - headers already sent by (output started at /home/sergio/projects/test/functions.php:79) in /home/sergio/projects/test/index.php on line 133, referer: http://test.loc/
[Thu Sep 11 11:46:22.670568 2014] [:error] [pid 2972] [client 127.0.0.1:51402] PHP Notice:  Undefined index: password in /home/sergio/projects/test/index.php on line 43, referer: http://test.loc/
[Thu Sep 11 11:47:30.625234 2014] [:error] [pid 2974] [client 127.0.0.1:51415] PHP Notice:  Undefined index: password in /home/sergio/projects/test/index.php on line 39, referer: http://test.loc/
[Thu Sep 11 12:37:38.427525 2014] [core:error] [pid 1174] (13)Permission denied: [client 127.0.0.1:51867] AH00132: file permissions deny server access: /var/www/test/pictures/mount.jpg, referer: http://test.loc/
[Thu Sep 11 12:38:13.866900 2014] [core:error] [pid 2971] (13)Permission denied: [client 127.0.0.1:51880] AH00132: file permissions deny server access: /var/www/test/pictures/mount.jpg, referer: http://test.loc/
[Thu Sep 11 12:39:01.679908 2014] [core:error] [pid 3582] (13)Permission denied: [client 127.0.0.1:51888] AH00132: file permissions deny server access: /var/www/test/pictures/mount.jpg, referer: http://test.loc/
[Thu Sep 11 12:40:08.926035 2014] [core:error] [pid 2972] (13)Permission denied: [client 127.0.0.1:51896] AH00132: file permissions deny server access: /var/www/test/pictures/mount.jpg, referer: http://test.loc/
[Thu Sep 11 12:40:46.714659 2014] [core:error] [pid 1176] (13)Permission denied: [client 127.0.0.1:51902] AH00132: file permissions deny server access: /var/www/test/pictures/mount.jpg, referer: http://test.loc/
[Thu Sep 11 12:44:56.177382 2014] [core:error] [pid 2973] (13)Permission denied: [client 127.0.0.1:51914] AH00132: file permissions deny server access: /var/www/test/pictures/mount.jpg, referer: http://test.loc/
[Thu Sep 11 12:45:43.521054 2014] [core:error] [pid 1172] (13)Permission denied: [client 127.0.0.1:51917] AH00132: file permissions deny server access: /var/www/test/pictures/mount.jpg, referer: http://test.loc/
[Thu Sep 11 12:46:04.632286 2014] [core:error] [pid 2972] (13)Permission denied: [client 127.0.0.1:51920] AH00132: file permissions deny server access: /var/www/test/pictures/mount.jpg, referer: http://test.loc/
[Thu Sep 11 12:53:35.944666 2014] [core:error] [pid 1176] (13)Permission denied: [client 127.0.0.1:51967] AH00132: file permissions deny server access: /var/www/test/pictures/mount.jpg, referer: http://test.loc/
[Thu Sep 11 12:56:00.434791 2014] [core:error] [pid 1172] (13)Permission denied: [client 127.0.0.1:52032] AH00132: file permissions deny server access: /var/www/test/pictures/mount.jpg, referer: http://test.loc/
[Thu Sep 11 12:57:05.170085 2014] [core:error] [pid 1174] (13)Permission denied: [client 127.0.0.1:52038] AH00132: file permissions deny server access: /var/www/test/pictures/mount.jpg, referer: http://test.loc/
[Thu Sep 11 13:01:30.729655 2014] [core:error] [pid 1176] (13)Permission denied: [client 127.0.0.1:52076] AH00132: file permissions deny server access: /var/www/test/pictures/mount.jpg, referer: http://test.loc/
[Thu Sep 11 13:03:54.951708 2014] [core:error] [pid 1173] (13)Permission denied: [client 127.0.0.1:52116] AH00132: file permissions deny server access: /var/www/test/pictures/10175044_331482153670386_8507750105152975966_n.png, referer: http://test.loc/
[Thu Sep 11 13:03:54.952040 2014] [core:error] [pid 1174] (13)Permission denied: [client 127.0.0.1:52117] AH00132: file permissions deny server access: /var/www/test/pictures/mount.jpg, referer: http://test.loc/
[Thu Sep 11 13:29:32.783273 2014] [core:error] [pid 2820] (13)Permission denied: [client 127.0.0.1:44103] AH00132: file permissions deny server access: /var/www/test/pictures/pick.PNG, referer: http://test.loc/
[Thu Sep 11 13:29:35.454646 2014] [core:error] [pid 2827] (13)Permission denied: [client 127.0.0.1:44104] AH00132: file permissions deny server access: /var/www/test/pictures/pick.PNG, referer: http://test.loc/
[Thu Sep 11 13:31:25.169180 2014] [core:error] [pid 1135] (13)Permission denied: [client 127.0.0.1:44113] AH00132: file permissions deny server access: /var/www/test/pictures/pick.png, referer: http://test.loc/
>>>>>>> 6852f022bfc01de3361e3ee9f8482f8d41836aa3
[Fri Sep 12 15:02:29.201024 2014] [:error] [pid 2722] [client 127.0.0.1:44476] PHP Parse error:  syntax error, unexpected end of file in /home/sergio/projects/test/index.php on line 123, referer: http://test.loc/
[Fri Sep 12 15:03:41.376269 2014] [:error] [pid 2833] [client 127.0.0.1:44499] PHP Notice:  Undefined variable: homepage in /home/sergio/projects/test/index.php on line 73, referer: http://test.loc/
[Fri Sep 12 15:03:41.377698 2014] [:error] [pid 2833] [client 127.0.0.1:44499] PHP Notice:  Undefined variable: homepage in /home/sergio/projects/test/index.php on line 105, referer: http://test.loc/
[Fri Sep 12 15:19:40.531146 2014] [:error] [pid 2833] [client 127.0.0.1:44582] PHP Notice:  Undefined variable: homepage in /home/sergio/projects/test/index.php on line 76, referer: http://test.loc/
[Fri Sep 12 15:19:40.531489 2014] [:error] [pid 2833] [client 127.0.0.1:44582] PHP Notice:  Undefined variable: homepage in /home/sergio/projects/test/index.php on line 108, referer: http://test.loc/
